[1014/152738.783768:WARNING:cef/libcef/common/resource_util.cc:83] Please customize CefSettings.root_cache_path for your application. Use of the default value may lead to unintended process singleton behavior.
[67046:14180927:1014/152738.859688:ERROR:chrome/browser/mac/code_sign_clone_manager.mm:98] error removing quarantine attribute "/var/folders/9h/bcd48mjj2llflz7kh0vxyksm0000gn/X/"
[67046:14180927:1014/152738.863022:ERROR:chrome/browser/mac/code_sign_clone_manager.mm:98] error removing quarantine attribute "/var/folders/9h/bcd48mjj2llflz7kh0vxyksm0000gn/X/"
2025-10-14 15:27:43.667 myproject[67046:14180859] Adding toolbar to window
2025-10-14 15:27:43.667 myproject[67046:14180859] AddToolbarToWindow called
2025-10-14 15:27:43.667 myproject[67046:14180859] Content frame: {{0, 0}, {750, 750}}
2025-10-14 15:27:44.993 myproject[67046:14180859] +[IMKClient subclass]: chose IMKClient_Legacy
2025-10-14 15:27:44.993 myproject[67046:14180859] +[IMKInputSession subclass]: chose IMKInputSession_Legacy
[67046:14180930:1014/152746.001110:ERROR:google_apis/gcm/engine/registration_request.cc:291] Registration response error message: DEPRECATED_ENDPOINT
2025-10-14 15:27:46.755 myproject[67046:14180859] Adding toolbar to window
2025-10-14 15:27:46.755 myproject[67046:14180859] AddToolbarToWindow called
2025-10-14 15:27:46.755 myproject[67046:14180859] Content frame: {{0, 0}, {750, 750}}
2025-10-14 15:27:47.222 myproject[67046:14180859] Adding toolbar to window
2025-10-14 15:27:47.222 myproject[67046:14180859] AddToolbarToWindow called
2025-10-14 15:27:47.222 myproject[67046:14180859] Content frame: {{0, 0}, {750, 750}}
2025-10-14 15:27:47.395 myproject[67046:14180859] Adding toolbar to window
2025-10-14 15:27:47.395 myproject[67046:14180859] AddToolbarToWindow called
2025-10-14 15:27:47.395 myproject[67046:14180859] Content frame: {{0, 0}, {750, 750}}
2025-10-14 15:27:47.547 myproject[67046:14180859] Adding toolbar to window
2025-10-14 15:27:47.547 myproject[67046:14180859] AddToolbarToWindow called
2025-10-14 15:27:47.547 myproject[67046:14180859] Content frame: {{0, 0}, {750, 750}}
[67046:14180859:1014/152751.626670:ERROR:base/process/kill_posix.cc:33] waitpid(67068): No child processes (10)
OnAfterCreated called, browser_list_.size() = 0
Added browser to list, new size = 1
Calling ShowMainWindow from OnAfterCreated
ShowMainWindow called
On UI thread, browser_list_.size() = 1
Calling PlatformShowWindow
ShowMainWindow called
On UI thread, browser_list_.size() = 1
Calling PlatformShowWindow
ShowMainWindow called
On UI thread, browser_list_.size() = 1
Calling PlatformShowWindow
ShowMainWindow called
On UI thread, browser_list_.size() = 1
Calling PlatformShowWindow
ShowMainWindow called
On UI thread, browser_list_.size() = 1
Calling PlatformShowWindow
